I'm sorry, but errors were detected in your script. Please correct the
errors listed below, and try again.


File "game/script.rpy", line 9: expected statement.
    music alarm = "audio/alarm.mp3"
                ^

Ren'Py Version: Ren'Py 7.3.5.606
Sun Sep 20 21:16:51 2020
